// Jest Snapshot v1, https://goo.gl/fbAQLP

exports[`should render 1`] = `
<div
  className={undefined}
>
  <h2>
    Detail page for 
    123
    .
  </h2>
  <p>
    Lorem ipsum dolor sit amet, consectetur adipisicing elit. Nemo consequuntur maxime in eaque, aut unde. Provident voluptate, recusandae inventore, mollitia, iusto ullam et obcaecati voluptatem accusantium minima adipisci, fugit sunt.
  </p>
</div>
`;
